[INFO] Scanning for projects...
[INFO] 
[INFO] -----------------< com.anouar.elearning:quiz-service >------------------
[INFO] Building quiz-service 0.0.1-SNAPSHOT
[INFO]   from pom.xml
[INFO] --------------------------------[ jar ]---------------------------------
[INFO] 
[INFO] >>> spring-boot:4.0.6:run (default-cli) > test-compile @ quiz-service >>>
[INFO] 
[INFO] --- resources:3.3.1:resources (default-resources) @ quiz-service ---
[INFO] Copying 1 resource from src\main\resources to target\classes
[INFO] Copying 0 resource from src\main\resources to target\classes
[INFO] 
[INFO] --- compiler:3.14.1:compile (default-compile) @ quiz-service ---
[INFO] Nothing to compile - all classes are up to date.
[INFO] 
[INFO] --- resources:3.3.1:testResources (default-testResources) @ quiz-service ---
[INFO] skip non existing resourceDirectory C:\E-learning\quiz-service\src\test\resources
[INFO] 
[INFO] --- compiler:3.14.1:testCompile (default-testCompile) @ quiz-service ---
[INFO] Nothing to compile - all classes are up to date.
[INFO] 
[INFO] <<< spring-boot:4.0.6:run (default-cli) < test-compile @ quiz-service <<<
[INFO] 
[INFO] 
[INFO] --- spring-boot:4.0.6:run (default-cli) @ quiz-service ---
[INFO] Attaching agents: []

  .   ____          _            __ _ _
 /\\ / ___'_ __ _ _(_)_ __  __ _ \ \ \ \
( ( )\___ | '_ | '_| | '_ \/ _` | \ \ \ \
 \\/  ___)| |_)| | | | | || (_| |  ) ) ) )
  '  |____| .__|_| |_|_| |_\__, | / / / /
 =========|_|==============|___/=/_/_/_/

 :: Spring Boot ::                (v4.0.6)

2026-05-25T19:58:17.589+01:00  INFO 9508 --- [quiz-service] [           main] c.a.e.quiz.QuizServiceApplication        : Starting QuizServiceApplication using Java 21.0.10 with PID 9508 (C:\E-learning\quiz-service\target\classes started by Administrateur in C:\E-learning\quiz-service)
2026-05-25T19:58:17.595+01:00  INFO 9508 --- [quiz-service] [           main] c.a.e.quiz.QuizServiceApplication        : No active profile set, falling back to 1 default profile: "default"
2026-05-25T19:58:19.129+01:00  INFO 9508 --- [quiz-service] [           main] .s.d.r.c.RepositoryConfigurationDelegate : Bootstrapping Spring Data JPA repositories in DEFAULT mode.
2026-05-25T19:58:19.293+01:00  INFO 9508 --- [quiz-service] [           main] .s.d.r.c.RepositoryConfigurationDelegate : Finished Spring Data repository scanning in 141 ms. Found 7 JPA repository interfaces.
2026-05-25T19:58:20.853+01:00  INFO 9508 --- [quiz-service] [           main] o.s.boot.tomcat.TomcatWebServer          : Tomcat initialized with port 8083 (http)
2026-05-25T19:58:20.892+01:00  INFO 9508 --- [quiz-service] [           main] o.apache.catalina.core.StandardService   : Starting service [Tomcat]
2026-05-25T19:58:20.894+01:00  INFO 9508 --- [quiz-service] [           main] o.apache.catalina.core.StandardEngine    : Starting Servlet engine: [Apache Tomcat/11.0.21]
2026-05-25T19:58:21.071+01:00  INFO 9508 --- [quiz-service] [           main] b.w.c.s.WebApplicationContextInitializer : Root WebApplicationContext: initialization completed in 3382 ms
2026-05-25T19:58:21.625+01:00  INFO 9508 --- [quiz-service] [           main] org.hibernate.orm.jpa                    : HHH008540: Processing PersistenceUnitInfo [name: default]
2026-05-25T19:58:21.778+01:00  INFO 9508 --- [quiz-service] [           main] org.hibernate.orm.core                   : HHH000001: Hibernate ORM core version 7.2.12.Final
2026-05-25T19:58:23.293+01:00  INFO 9508 --- [quiz-service] [           main] o.s.o.j.p.SpringPersistenceUnitInfo      : No LoadTimeWeaver setup: ignoring JPA class transformer
2026-05-25T19:58:23.391+01:00  INFO 9508 --- [quiz-service] [           main] com.zaxxer.hikari.HikariDataSource       : HikariPool-1 - Starting...
2026-05-25T19:58:23.912+01:00  INFO 9508 --- [quiz-service] [           main] com.zaxxer.hikari.pool.HikariPool        : HikariPool-1 - Added connection conn0: url=jdbc:h2:mem:quiz_db user=SA
2026-05-25T19:58:23.920+01:00  INFO 9508 --- [quiz-service] [           main] com.zaxxer.hikari.HikariDataSource       : HikariPool-1 - Start completed.
2026-05-25T19:58:24.091+01:00  INFO 9508 --- [quiz-service] [           main] org.hibernate.orm.connections.pooling    : HHH10001005: Database info:
	Database JDBC URL [jdbc:h2:mem:quiz_db]
	Database driver: H2 JDBC Driver
	Database dialect: H2Dialect
	Database version: 2.4.240
	Default catalog/schema: QUIZ_DB/PUBLIC
	Autocommit mode: undefined/unknown
	Isolation level: READ_COMMITTED [default READ_COMMITTED]
	JDBC fetch size: 100
	Pool: DataSourceConnectionProvider
	Minimum pool size: undefined/unknown
	Maximum pool size: undefined/unknown
2026-05-25T19:58:27.244+01:00  INFO 9508 --- [quiz-service] [           main] org.hibernate.orm.core                   : HHH000489: No JTA platform available (set 'hibernate.transaction.jta.platform' to enable JTA platform integration)
Hibernate: create table ai_recommendations (id varchar(255) not null, created_at timestamp(6), detected_difficulties varchar(5000), learner_id varchar(255) not null, quiz_id varchar(255) not null, primary key (id))
Hibernate: create table ai_recommended_lessons (recommendation_id varchar(255) not null, recommended_lesson varchar(255))
Hibernate: create table answer_options (id varchar(255) not null, correct boolean not null, text varchar(2000) not null, question_id varchar(255) not null, primary key (id))
Hibernate: create table learner_scores (id varchar(255) not null, attempts integer not null, best_score integer not null, last_submitted_at timestamp(6), learner_id varchar(255) not null, passed boolean not null, quiz_id varchar(255) not null, primary key (id))
Hibernate: create table questions (id varchar(255) not null, order_index integer not null, points integer not null, text varchar(3000) not null, quiz_id varchar(255) not null, primary key (id))
Hibernate: create table quiz_submissions (id varchar(255) not null, learner_id varchar(255) not null, max_score integer not null, passed boolean not null, score_obtained integer not null, submitted_at timestamp(6), quiz_id varchar(255) not null, primary key (id))
Hibernate: create table quizzes (id varchar(255) not null, chapter_id varchar(255) not null, course_id varchar(255) not null, created_at timestamp(6), created_by varchar(255) not null, description varchar(2000), passing_score integer not null, status enum ('ARCHIVED','DRAFT','PUBLISHED','SUBMITTED') not null, time_limit_in_minutes integer not null, title varchar(255) not null, updated_at timestamp(6), primary key (id))
Hibernate: create table submission_answers (id varchar(255) not null, correct boolean not null, points_awarded integer not null, question_id varchar(255) not null, selected_option_id varchar(255) not null, submission_id varchar(255) not null, primary key (id))
Hibernate: alter table if exists learner_scores drop constraint if exists UKh8pa7w1o9b1hftpoghmiav59d
Hibernate: alter table if exists learner_scores add constraint UKh8pa7w1o9b1hftpoghmiav59d unique (learner_id, quiz_id)
Hibernate: alter table if exists ai_recommended_lessons add constraint FK24ko0v3m4wpl3yqbhsajlm1k2 foreign key (recommendation_id) references ai_recommendations
Hibernate: alter table if exists answer_options add constraint FKfapodm8kfiu9a9a4o2r43rcgp foreign key (question_id) references questions
Hibernate: alter table if exists learner_scores add constraint FKn8dmnvv4w60gha37mjr40q4t2 foreign key (quiz_id) references quizzes
Hibernate: alter table if exists questions add constraint FKn3gvco4b0kewxc0bywf1igfms foreign key (quiz_id) references quizzes
Hibernate: alter table if exists quiz_submissions add constraint FK7rmflyrtaibx04079o6tiu0me foreign key (quiz_id) references quizzes
Hibernate: alter table if exists submission_answers add constraint FKpg32hvp6c63su96godvcqvsg4 foreign key (question_id) references questions
Hibernate: alter table if exists submission_answers add constraint FKnejlthxecxexbpsitbc2gcd34 foreign key (selected_option_id) references answer_options
Hibernate: alter table if exists submission_answers add constraint FKh8jsv6rdqkmmttsau8s5lwdtd foreign key (submission_id) references quiz_submissions
2026-05-25T19:58:27.487+01:00  INFO 9508 --- [quiz-service] [           main] j.LocalContainerEntityManagerFactoryBean : Initialized JPA EntityManagerFactory for persistence unit 'default'
2026-05-25T19:58:27.746+01:00  INFO 9508 --- [quiz-service] [           main] o.s.d.j.r.query.QueryEnhancerFactories   : Hibernate is in classpath; If applicable, HQL parser will be used.
2026-05-25T19:58:29.194+01:00  WARN 9508 --- [quiz-service] [           main] .s.a.UserDetailsServiceAutoConfiguration : 

Using generated security password: 34e5aa55-20c4-4f64-bc6e-b291ce14b331

This generated password is for development use only. Your security configuration must be updated before running your application in production.

2026-05-25T19:58:29.217+01:00  INFO 9508 --- [quiz-service] [           main] r$InitializeUserDetailsManagerConfigurer : Global AuthenticationManager configured with UserDetailsService bean with name inMemoryUserDetailsManager
2026-05-25T19:58:30.571+01:00  INFO 9508 --- [quiz-service] [           main] o.s.boot.tomcat.TomcatWebServer          : Tomcat started on port 8083 (http) with context path '/'
2026-05-25T19:58:30.584+01:00  INFO 9508 --- [quiz-service] [           main] c.a.e.quiz.QuizServiceApplication        : Started QuizServiceApplication in 13.854 seconds (process running for 14.674)
2026-05-25T19:58:46.513+01:00  INFO 9508 --- [quiz-service] [nio-8083-exec-1] o.a.c.c.C.[Tomcat].[localhost].[/]       : Initializing Spring DispatcherServlet 'dispatcherServlet'
2026-05-25T19:58:46.517+01:00  INFO 9508 --- [quiz-service] [nio-8083-exec-1] o.s.web.servlet.DispatcherServlet        : Initializing Servlet 'dispatcherServlet'
2026-05-25T19:58:46.521+01:00  INFO 9508 --- [quiz-service] [nio-8083-exec-1] o.s.web.servlet.DispatcherServlet        : Completed initialization in 3 ms
Hibernate: insert into quizzes (chapter_id,course_id,created_at,created_by,description,passing_score,status,time_limit_in_minutes,title,updated_at,id) values (?,?,?,?,?,?,?,?,?,?,?)
Hibernate: select q1_0.id,q1_0.chapter_id,q1_0.course_id,q1_0.created_at,q1_0.created_by,q1_0.description,q1_0.passing_score,q1_0.status,q1_0.time_limit_in_minutes,q1_0.title,q1_0.updated_at from quizzes q1_0 where q1_0.id=?
Hibernate: select q1_0.quiz_id,q1_0.id,q1_0.order_index,q1_0.points,q1_0.text from questions q1_0 where q1_0.quiz_id=? order by q1_0.order_index
Hibernate: insert into questions (order_index,points,quiz_id,text,id) values (?,?,?,?,?)
Hibernate: insert into answer_options (correct,question_id,text,id) values (?,?,?,?)
Hibernate: insert into answer_options (correct,question_id,text,id) values (?,?,?,?)
Hibernate: select q1_0.id,q1_0.chapter_id,q1_0.course_id,q1_0.created_at,q1_0.created_by,q1_0.description,q1_0.passing_score,q1_0.status,q1_0.time_limit_in_minutes,q1_0.title,q1_0.updated_at from quizzes q1_0 where q1_0.id=?
Hibernate: select q1_0.quiz_id,q1_0.id,q1_0.order_index,q1_0.points,q1_0.text from questions q1_0 where q1_0.quiz_id=? order by q1_0.order_index
Hibernate: select o1_0.question_id,o1_0.id,o1_0.correct,o1_0.text from answer_options o1_0 where o1_0.question_id=? order by o1_0.id
Hibernate: update quizzes set chapter_id=?,course_id=?,created_at=?,created_by=?,description=?,passing_score=?,status=?,time_limit_in_minutes=?,title=?,updated_at=? where id=?
Hibernate: select q1_0.id,q1_0.chapter_id,q1_0.course_id,q1_0.created_at,q1_0.created_by,q1_0.description,q1_0.passing_score,q1_0.status,q1_0.time_limit_in_minutes,q1_0.title,q1_0.updated_at from quizzes q1_0 where q1_0.chapter_id=? and q1_0.status=? fetch first ? rows only
Hibernate: select q1_0.quiz_id,q1_0.id,q1_0.order_index,q1_0.points,q1_0.text from questions q1_0 where q1_0.quiz_id=? order by q1_0.order_index
Hibernate: select o1_0.question_id,o1_0.id,o1_0.correct,o1_0.text from answer_options o1_0 where o1_0.question_id=? order by o1_0.id
Hibernate: select q1_0.id,q1_0.chapter_id,q1_0.course_id,q1_0.created_at,q1_0.created_by,q1_0.description,q1_0.passing_score,q1_0.status,q1_0.time_limit_in_minutes,q1_0.title,q1_0.updated_at from quizzes q1_0 where q1_0.id=?
Hibernate: select q1_0.quiz_id,q1_0.id,q1_0.order_index,q1_0.points,q1_0.text from questions q1_0 where q1_0.quiz_id=? order by q1_0.order_index
Hibernate: select o1_0.question_id,o1_0.id,o1_0.correct,o1_0.text from answer_options o1_0 where o1_0.question_id=? order by o1_0.id
Hibernate: select ls1_0.id,ls1_0.attempts,ls1_0.best_score,ls1_0.last_submitted_at,ls1_0.learner_id,ls1_0.passed,ls1_0.quiz_id from learner_scores ls1_0 where ls1_0.learner_id=? and ls1_0.quiz_id=?
Hibernate: insert into quiz_submissions (learner_id,max_score,passed,quiz_id,score_obtained,submitted_at,id) values (?,?,?,?,?,?,?)
Hibernate: insert into submission_answers (correct,points_awarded,question_id,selected_option_id,submission_id,id) values (?,?,?,?,?,?)
Hibernate: insert into learner_scores (attempts,best_score,last_submitted_at,learner_id,passed,quiz_id,id) values (?,?,?,?,?,?,?)
Hibernate: update quiz_submissions set learner_id=?,max_score=?,passed=?,quiz_id=?,score_obtained=?,submitted_at=? where id=?
