[INFO] Scanning for projects...
[INFO] 
[INFO] -----------------< com.anouar.elearning:auth-service >------------------
[INFO] Building auth-service 0.0.1-SNAPSHOT
[INFO]   from pom.xml
[INFO] --------------------------------[ jar ]---------------------------------
[INFO] 
[INFO] >>> spring-boot:4.0.6:run (default-cli) > test-compile @ auth-service >>>
[INFO] 
[INFO] --- resources:3.3.1:resources (default-resources) @ auth-service ---
[INFO] Copying 1 resource from src\main\resources to target\classes
[INFO] Copying 0 resource from src\main\resources to target\classes
[INFO] 
[INFO] --- compiler:3.14.1:compile (default-compile) @ auth-service ---
[INFO] Recompiling the module because of changed source code.
[INFO] Compiling 26 source files with javac [debug parameters release 21] to target\classes
[INFO] Annotation processing is enabled because one or more processors were found
  on the class path. A future release of javac may disable annotation processing
  unless at least one processor is specified by name (-processor), or a search
  path is specified (--processor-path, --processor-module-path), or annotation
  processing is enabled explicitly (-proc:only, -proc:full).
  Use -Xlint:-options to suppress this message.
  Use -proc:none to disable annotation processing.
[INFO] 
[INFO] --- resources:3.3.1:testResources (default-testResources) @ auth-service ---
[INFO] skip non existing resourceDirectory C:\E-learning\backend\auth-service\src\test\resources
[INFO] 
[INFO] --- compiler:3.14.1:testCompile (default-testCompile) @ auth-service ---
[INFO] Recompiling the module because of changed dependency.
[INFO] Compiling 1 source file with javac [debug parameters release 21] to target\test-classes
[INFO] Annotation processing is enabled because one or more processors were found
  on the class path. A future release of javac may disable annotation processing
  unless at least one processor is specified by name (-processor), or a search
  path is specified (--processor-path, --processor-module-path), or annotation
  processing is enabled explicitly (-proc:only, -proc:full).
  Use -Xlint:-options to suppress this message.
  Use -proc:none to disable annotation processing.
[INFO] 
[INFO] <<< spring-boot:4.0.6:run (default-cli) < test-compile @ auth-service <<<
[INFO] 
[INFO] 
[INFO] --- spring-boot:4.0.6:run (default-cli) @ auth-service ---
[INFO] Attaching agents: []

  .   ____          _            __ _ _
 /\\ / ___'_ __ _ _(_)_ __  __ _ \ \ \ \
( ( )\___ | '_ | '_| | '_ \/ _` | \ \ \ \
 \\/  ___)| |_)| | | | | || (_| |  ) ) ) )
  '  |____| .__|_| |_|_| |_\__, | / / / /
 =========|_|==============|___/=/_/_/_/

 :: Spring Boot ::                (v4.0.6)

2026-05-29T12:52:25.508+01:00  INFO 24668 --- [auth-service] [  restartedMain] c.a.e.auth.AuthServiceApplication        : Starting AuthServiceApplication using Java 21.0.10 with PID 24668 (C:\E-learning\backend\auth-service\target\classes started by Administrateur in C:\E-learning\backend\auth-service)
2026-05-29T12:52:25.519+01:00  INFO 24668 --- [auth-service] [  restartedMain] c.a.e.auth.AuthServiceApplication        : No active profile set, falling back to 1 default profile: "default"
2026-05-29T12:52:25.607+01:00  INFO 24668 --- [auth-service] [  restartedMain] .e.DevToolsPropertyDefaultsPostProcessor : Devtools property defaults active! Set 'spring.devtools.add-properties' to 'false' to disable
2026-05-29T12:52:25.608+01:00  INFO 24668 --- [auth-service] [  restartedMain] .e.DevToolsPropertyDefaultsPostProcessor : For additional web related logging consider setting the 'logging.level.web' property to 'DEBUG'
2026-05-29T12:52:27.136+01:00  INFO 24668 --- [auth-service] [  restartedMain] .s.d.r.c.RepositoryConfigurationDelegate : Bootstrapping Spring Data JPA repositories in DEFAULT mode.
2026-05-29T12:52:27.245+01:00  INFO 24668 --- [auth-service] [  restartedMain] .s.d.r.c.RepositoryConfigurationDelegate : Finished Spring Data repository scanning in 88 ms. Found 1 JPA repository interface.
2026-05-29T12:52:28.384+01:00  INFO 24668 --- [auth-service] [  restartedMain] o.s.boot.tomcat.TomcatWebServer          : Tomcat initialized with port 8081 (http)
2026-05-29T12:52:28.415+01:00  INFO 24668 --- [auth-service] [  restartedMain] o.apache.catalina.core.StandardService   : Starting service [Tomcat]
2026-05-29T12:52:28.418+01:00  INFO 24668 --- [auth-service] [  restartedMain] o.apache.catalina.core.StandardEngine    : Starting Servlet engine: [Apache Tomcat/11.0.21]
2026-05-29T12:52:28.529+01:00  INFO 24668 --- [auth-service] [  restartedMain] b.w.c.s.WebApplicationContextInitializer : Root WebApplicationContext: initialization completed in 2877 ms
2026-05-29T12:52:28.790+01:00  INFO 24668 --- [auth-service] [  restartedMain] org.hibernate.orm.jpa                    : HHH008540: Processing PersistenceUnitInfo [name: default]
2026-05-29T12:52:28.914+01:00  INFO 24668 --- [auth-service] [  restartedMain] org.hibernate.orm.core                   : HHH000001: Hibernate ORM core version 7.2.12.Final
2026-05-29T12:52:29.978+01:00  INFO 24668 --- [auth-service] [  restartedMain] o.s.o.j.p.SpringPersistenceUnitInfo      : No LoadTimeWeaver setup: ignoring JPA class transformer
2026-05-29T12:52:30.052+01:00  INFO 24668 --- [auth-service] [  restartedMain] com.zaxxer.hikari.HikariDataSource       : HikariPool-1 - Starting...
2026-05-29T12:52:30.438+01:00  INFO 24668 --- [auth-service] [  restartedMain] com.zaxxer.hikari.pool.HikariPool        : HikariPool-1 - Added connection conn0: url=jdbc:h2:mem:authdb user=SA
2026-05-29T12:52:30.445+01:00  INFO 24668 --- [auth-service] [  restartedMain] com.zaxxer.hikari.HikariDataSource       : HikariPool-1 - Start completed.
2026-05-29T12:52:30.588+01:00  INFO 24668 --- [auth-service] [  restartedMain] org.hibernate.orm.connections.pooling    : HHH10001005: Database info:
	Database JDBC URL [jdbc:h2:mem:authdb]
	Database driver: H2 JDBC Driver
	Database dialect: H2Dialect
	Database version: 2.4.240
	Default catalog/schema: AUTHDB/PUBLIC
	Autocommit mode: undefined/unknown
	Isolation level: READ_COMMITTED [default READ_COMMITTED]
	JDBC fetch size: 100
	Pool: DataSourceConnectionProvider
	Minimum pool size: undefined/unknown
	Maximum pool size: undefined/unknown
2026-05-29T12:52:32.928+01:00  INFO 24668 --- [auth-service] [  restartedMain] org.hibernate.orm.core                   : HHH000489: No JTA platform available (set 'hibernate.transaction.jta.platform' to enable JTA platform integration)
2026-05-29T12:52:33.124+01:00  INFO 24668 --- [auth-service] [  restartedMain] j.LocalContainerEntityManagerFactoryBean : Initialized JPA EntityManagerFactory for persistence unit 'default'
2026-05-29T12:52:33.286+01:00  INFO 24668 --- [auth-service] [  restartedMain] o.s.d.j.r.query.QueryEnhancerFactories   : Hibernate is in classpath; If applicable, HQL parser will be used.
2026-05-29T12:52:33.838+01:00  INFO 24668 --- [auth-service] [  restartedMain] r$InitializeUserDetailsManagerConfigurer : Global AuthenticationManager configured with UserDetailsService bean with name customUserDetailsService
2026-05-29T12:52:35.098+01:00  INFO 24668 --- [auth-service] [  restartedMain] o.s.boot.tomcat.TomcatWebServer          : Tomcat started on port 8081 (http) with context path '/'
2026-05-29T12:52:35.111+01:00  INFO 24668 --- [auth-service] [  restartedMain] c.a.e.auth.AuthServiceApplication        : Started AuthServiceApplication in 10.513 seconds (process running for 11.623)
Default admin user created: admin@elearning.com / admin123
2026-05-29T12:53:09.291+01:00  INFO 24668 --- [auth-service] [nio-8081-exec-1] o.a.c.c.C.[Tomcat].[localhost].[/]       : Initializing Spring DispatcherServlet 'dispatcherServlet'
2026-05-29T12:53:09.292+01:00  INFO 24668 --- [auth-service] [nio-8081-exec-1] o.s.web.servlet.DispatcherServlet        : Initializing Servlet 'dispatcherServlet'
2026-05-29T12:53:09.294+01:00  INFO 24668 --- [auth-service] [nio-8081-exec-1] o.s.web.servlet.DispatcherServlet        : Completed initialization in 2 ms
2026-05-29T13:07:22.124+01:00  INFO 24668 --- [auth-service] [   File Watcher] rtingClassPathChangeChangedEventListener : Restarting due to 1 class path change (0 additions, 0 deletions, 1 modification)
2026-05-29T13:07:22.155+01:00  INFO 24668 --- [auth-service] [       Thread-1] o.s.boot.tomcat.GracefulShutdown         : Commencing graceful shutdown. Waiting for active requests to complete
2026-05-29T13:07:22.196+01:00  INFO 24668 --- [auth-service] [tomcat-shutdown] o.s.boot.tomcat.GracefulShutdown         : Graceful shutdown complete
2026-05-29T13:07:22.210+01:00  INFO 24668 --- [auth-service] [       Thread-1] j.LocalContainerEntityManagerFactoryBean : Closing JPA EntityManagerFactory for persistence unit 'default'
2026-05-29T13:07:22.232+01:00  WARN 24668 --- [auth-service] [       Thread-1] o.s.b.f.support.DisposableBeanAdapter    : Invocation of destroy method failed on bean with name 'inMemoryDatabaseShutdownExecutor': org.h2.jdbc.JdbcSQLNonTransientConnectionException: La base de données est déjà fermée (pour désactiver la fermeture automatique à l'arrêt de la VM, ajoutez "; DB_CLOSE_ON_EXIT = FALSE" à l'URL db)
Database is already closed (to disable automatic closing at VM shutdown, add ";DB_CLOSE_ON_EXIT=FALSE" to the db URL) [90121-240]
2026-05-29T13:07:22.233+01:00  INFO 24668 --- [auth-service] [       Thread-1] com.zaxxer.hikari.HikariDataSource       : HikariPool-1 - Shutdown initiated...
2026-05-29T13:07:22.236+01:00  INFO 24668 --- [auth-service] [       Thread-1] com.zaxxer.hikari.HikariDataSource       : HikariPool-1 - Shutdown completed.

  .   ____          _            __ _ _
 /\\ / ___'_ __ _ _(_)_ __  __ _ \ \ \ \
( ( )\___ | '_ | '_| | '_ \/ _` | \ \ \ \
 \\/  ___)| |_)| | | | | || (_| |  ) ) ) )
  '  |____| .__|_| |_|_| |_\__, | / / / /
 =========|_|==============|___/=/_/_/_/

 :: Spring Boot ::                (v4.0.6)

2026-05-29T13:07:22.464+01:00  INFO 24668 --- [auth-service] [  restartedMain] c.a.e.auth.AuthServiceApplication        : Starting AuthServiceApplication using Java 21.0.10 with PID 24668 (C:\E-learning\backend\auth-service\target\classes started by Administrateur in C:\E-learning\backend\auth-service)
2026-05-29T13:07:22.464+01:00  INFO 24668 --- [auth-service] [  restartedMain] c.a.e.auth.AuthServiceApplication        : No active profile set, falling back to 1 default profile: "default"
2026-05-29T13:07:23.816+01:00  INFO 24668 --- [auth-service] [  restartedMain] .s.d.r.c.RepositoryConfigurationDelegate : Bootstrapping Spring Data JPA repositories in DEFAULT mode.
2026-05-29T13:07:23.864+01:00  INFO 24668 --- [auth-service] [  restartedMain] .s.d.r.c.RepositoryConfigurationDelegate : Finished Spring Data repository scanning in 44 ms. Found 1 JPA repository interface.
2026-05-29T13:07:24.239+01:00  INFO 24668 --- [auth-service] [  restartedMain] o.s.boot.tomcat.TomcatWebServer          : Tomcat initialized with port 8081 (http)
2026-05-29T13:07:24.240+01:00  INFO 24668 --- [auth-service] [  restartedMain] o.apache.catalina.core.StandardService   : Starting service [Tomcat]
2026-05-29T13:07:24.242+01:00  INFO 24668 --- [auth-service] [  restartedMain] o.apache.catalina.core.StandardEngine    : Starting Servlet engine: [Apache Tomcat/11.0.21]
2026-05-29T13:07:24.310+01:00  INFO 24668 --- [auth-service] [  restartedMain] b.w.c.s.WebApplicationContextInitializer : Root WebApplicationContext: initialization completed in 1818 ms
2026-05-29T13:07:24.413+01:00  INFO 24668 --- [auth-service] [  restartedMain] org.hibernate.orm.jpa                    : HHH008540: Processing PersistenceUnitInfo [name: default]
2026-05-29T13:07:24.545+01:00  INFO 24668 --- [auth-service] [  restartedMain] o.s.o.j.p.SpringPersistenceUnitInfo      : No LoadTimeWeaver setup: ignoring JPA class transformer
2026-05-29T13:07:24.547+01:00  INFO 24668 --- [auth-service] [  restartedMain] com.zaxxer.hikari.HikariDataSource       : HikariPool-2 - Starting...
2026-05-29T13:07:24.554+01:00  INFO 24668 --- [auth-service] [  restartedMain] com.zaxxer.hikari.pool.HikariPool        : HikariPool-2 - Added connection conn10: url=jdbc:h2:mem:authdb user=SA
2026-05-29T13:07:24.554+01:00  INFO 24668 --- [auth-service] [  restartedMain] com.zaxxer.hikari.HikariDataSource       : HikariPool-2 - Start completed.
2026-05-29T13:07:24.556+01:00  INFO 24668 --- [auth-service] [  restartedMain] org.hibernate.orm.connections.pooling    : HHH10001005: Database info:
	Database JDBC URL [jdbc:h2:mem:authdb]
	Database driver: H2 JDBC Driver
	Database dialect: H2Dialect
	Database version: 2.4.240
	Default catalog/schema: AUTHDB/PUBLIC
	Autocommit mode: undefined/unknown
	Isolation level: READ_COMMITTED [default READ_COMMITTED]
	JDBC fetch size: 100
	Pool: DataSourceConnectionProvider
	Minimum pool size: undefined/unknown
	Maximum pool size: undefined/unknown
2026-05-29T13:07:24.711+01:00  INFO 24668 --- [auth-service] [  restartedMain] org.hibernate.orm.core                   : HHH000489: No JTA platform available (set 'hibernate.transaction.jta.platform' to enable JTA platform integration)
2026-05-29T13:07:24.725+01:00  INFO 24668 --- [auth-service] [  restartedMain] j.LocalContainerEntityManagerFactoryBean : Initialized JPA EntityManagerFactory for persistence unit 'default'
2026-05-29T13:07:24.954+01:00  INFO 24668 --- [auth-service] [  restartedMain] r$InitializeUserDetailsManagerConfigurer : Global AuthenticationManager configured with UserDetailsService bean with name customUserDetailsService
2026-05-29T13:07:26.532+01:00  INFO 24668 --- [auth-service] [  restartedMain] o.s.boot.tomcat.TomcatWebServer          : Tomcat started on port 8081 (http) with context path '/'
2026-05-29T13:07:26.540+01:00  INFO 24668 --- [auth-service] [  restartedMain] c.a.e.auth.AuthServiceApplication        : Started AuthServiceApplication in 4.176 seconds (process running for 903.052)
Default admin user created: admin@elearning.com / admin123
2026-05-29T13:07:26.962+01:00  INFO 24668 --- [auth-service] [  restartedMain] .ConditionEvaluationDeltaLoggingListener : Condition evaluation unchanged
2026-05-29T13:07:36.526+01:00  INFO 24668 --- [auth-service] [   File Watcher] rtingClassPathChangeChangedEventListener : Restarting due to 31 class path changes (0 additions, 0 deletions, 31 modifications)
2026-05-29T13:07:36.529+01:00  INFO 24668 --- [auth-service] [       Thread-5] o.s.boot.tomcat.GracefulShutdown         : Commencing graceful shutdown. Waiting for active requests to complete
2026-05-29T13:07:36.541+01:00  INFO 24668 --- [auth-service] [tomcat-shutdown] o.s.boot.tomcat.GracefulShutdown         : Graceful shutdown complete
2026-05-29T13:07:36.545+01:00  INFO 24668 --- [auth-service] [       Thread-5] j.LocalContainerEntityManagerFactoryBean : Closing JPA EntityManagerFactory for persistence unit 'default'
2026-05-29T13:07:36.547+01:00  WARN 24668 --- [auth-service] [       Thread-5] o.s.b.f.support.DisposableBeanAdapter    : Invocation of destroy method failed on bean with name 'inMemoryDatabaseShutdownExecutor': org.h2.jdbc.JdbcSQLNonTransientConnectionException: La base de données est déjà fermée (pour désactiver la fermeture automatique à l'arrêt de la VM, ajoutez "; DB_CLOSE_ON_EXIT = FALSE" à l'URL db)
Database is already closed (to disable automatic closing at VM shutdown, add ";DB_CLOSE_ON_EXIT=FALSE" to the db URL) [90121-240]
2026-05-29T13:07:36.548+01:00  INFO 24668 --- [auth-service] [       Thread-5] com.zaxxer.hikari.HikariDataSource       : HikariPool-2 - Shutdown initiated...
2026-05-29T13:07:36.549+01:00  INFO 24668 --- [auth-service] [       Thread-5] com.zaxxer.hikari.HikariDataSource       : HikariPool-2 - Shutdown completed.

  .   ____          _            __ _ _
 /\\ / ___'_ __ _ _(_)_ __  __ _ \ \ \ \
( ( )\___ | '_ | '_| | '_ \/ _` | \ \ \ \
 \\/  ___)| |_)| | | | | || (_| |  ) ) ) )
  '  |____| .__|_| |_|_| |_\__, | / / / /
 =========|_|==============|___/=/_/_/_/

 :: Spring Boot ::                (v4.0.6)

2026-05-29T13:07:36.698+01:00  INFO 24668 --- [auth-service] [  restartedMain] c.a.e.auth.AuthServiceApplication        : Starting AuthServiceApplication using Java 21.0.10 with PID 24668 (C:\E-learning\backend\auth-service\target\classes started by Administrateur in C:\E-learning\backend\auth-service)
2026-05-29T13:07:36.699+01:00  INFO 24668 --- [auth-service] [  restartedMain] c.a.e.auth.AuthServiceApplication        : No active profile set, falling back to 1 default profile: "default"
2026-05-29T13:07:37.155+01:00  INFO 24668 --- [auth-service] [  restartedMain] .s.d.r.c.RepositoryConfigurationDelegate : Bootstrapping Spring Data JPA repositories in DEFAULT mode.
2026-05-29T13:07:37.182+01:00  INFO 24668 --- [auth-service] [  restartedMain] .s.d.r.c.RepositoryConfigurationDelegate : Finished Spring Data repository scanning in 23 ms. Found 1 JPA repository interface.
2026-05-29T13:07:37.421+01:00  INFO 24668 --- [auth-service] [  restartedMain] o.s.boot.tomcat.TomcatWebServer          : Tomcat initialized with port 8081 (http)
2026-05-29T13:07:37.423+01:00  INFO 24668 --- [auth-service] [  restartedMain] o.apache.catalina.core.StandardService   : Starting service [Tomcat]
2026-05-29T13:07:37.424+01:00  INFO 24668 --- [auth-service] [  restartedMain] o.apache.catalina.core.StandardEngine    : Starting Servlet engine: [Apache Tomcat/11.0.21]
2026-05-29T13:07:37.484+01:00  INFO 24668 --- [auth-service] [  restartedMain] b.w.c.s.WebApplicationContextInitializer : Root WebApplicationContext: initialization completed in 780 ms
2026-05-29T13:07:37.553+01:00  INFO 24668 --- [auth-service] [  restartedMain] org.hibernate.orm.jpa                    : HHH008540: Processing PersistenceUnitInfo [name: default]
2026-05-29T13:07:37.658+01:00  INFO 24668 --- [auth-service] [  restartedMain] o.s.o.j.p.SpringPersistenceUnitInfo      : No LoadTimeWeaver setup: ignoring JPA class transformer
2026-05-29T13:07:37.661+01:00  INFO 24668 --- [auth-service] [  restartedMain] com.zaxxer.hikari.HikariDataSource       : HikariPool-3 - Starting...
2026-05-29T13:07:37.666+01:00  INFO 24668 --- [auth-service] [  restartedMain] com.zaxxer.hikari.pool.HikariPool        : HikariPool-3 - Added connection conn20: url=jdbc:h2:mem:authdb user=SA
2026-05-29T13:07:37.666+01:00  INFO 24668 --- [auth-service] [  restartedMain] com.zaxxer.hikari.HikariDataSource       : HikariPool-3 - Start completed.
2026-05-29T13:07:37.667+01:00  INFO 24668 --- [auth-service] [  restartedMain] org.hibernate.orm.connections.pooling    : HHH10001005: Database info:
	Database JDBC URL [jdbc:h2:mem:authdb]
	Database driver: H2 JDBC Driver
	Database dialect: H2Dialect
	Database version: 2.4.240
	Default catalog/schema: AUTHDB/PUBLIC
	Autocommit mode: undefined/unknown
	Isolation level: READ_COMMITTED [default READ_COMMITTED]
	JDBC fetch size: 100
	Pool: DataSourceConnectionProvider
	Minimum pool size: undefined/unknown
	Maximum pool size: undefined/unknown
2026-05-29T13:07:37.768+01:00  INFO 24668 --- [auth-service] [  restartedMain] org.hibernate.orm.core                   : HHH000489: No JTA platform available (set 'hibernate.transaction.jta.platform' to enable JTA platform integration)
2026-05-29T13:07:37.776+01:00  INFO 24668 --- [auth-service] [  restartedMain] j.LocalContainerEntityManagerFactoryBean : Initialized JPA EntityManagerFactory for persistence unit 'default'
2026-05-29T13:07:37.921+01:00  INFO 24668 --- [auth-service] [  restartedMain] r$InitializeUserDetailsManagerConfigurer : Global AuthenticationManager configured with UserDetailsService bean with name customUserDetailsService
2026-05-29T13:07:38.331+01:00  INFO 24668 --- [auth-service] [  restartedMain] o.s.boot.tomcat.TomcatWebServer          : Tomcat started on port 8081 (http) with context path '/'
2026-05-29T13:07:38.343+01:00  INFO 24668 --- [auth-service] [  restartedMain] c.a.e.auth.AuthServiceApplication        : Started AuthServiceApplication in 1.702 seconds (process running for 914.855)
Default admin user created: admin@elearning.com / admin123
2026-05-29T13:07:38.637+01:00  INFO 24668 --- [auth-service] [  restartedMain] .ConditionEvaluationDeltaLoggingListener : Condition evaluation unchanged
2026-05-29T13:42:04.371+01:00  INFO 24668 --- [auth-service] [   File Watcher] rtingClassPathChangeChangedEventListener : Restarting due to 1 class path change (0 additions, 0 deletions, 1 modification)
2026-05-29T13:42:04.378+01:00  INFO 24668 --- [auth-service] [      Thread-10] o.s.boot.tomcat.GracefulShutdown         : Commencing graceful shutdown. Waiting for active requests to complete
2026-05-29T13:42:04.388+01:00  INFO 24668 --- [auth-service] [tomcat-shutdown] o.s.boot.tomcat.GracefulShutdown         : Graceful shutdown complete
2026-05-29T13:42:04.394+01:00  INFO 24668 --- [auth-service] [      Thread-10] j.LocalContainerEntityManagerFactoryBean : Closing JPA EntityManagerFactory for persistence unit 'default'
2026-05-29T13:42:04.396+01:00  WARN 24668 --- [auth-service] [      Thread-10] o.s.b.f.support.DisposableBeanAdapter    : Invocation of destroy method failed on bean with name 'inMemoryDatabaseShutdownExecutor': org.h2.jdbc.JdbcSQLNonTransientConnectionException: La base de données est déjà fermée (pour désactiver la fermeture automatique à l'arrêt de la VM, ajoutez "; DB_CLOSE_ON_EXIT = FALSE" à l'URL db)
Database is already closed (to disable automatic closing at VM shutdown, add ";DB_CLOSE_ON_EXIT=FALSE" to the db URL) [90121-240]
2026-05-29T13:42:04.397+01:00  INFO 24668 --- [auth-service] [      Thread-10] com.zaxxer.hikari.HikariDataSource       : HikariPool-3 - Shutdown initiated...
2026-05-29T13:42:04.399+01:00  INFO 24668 --- [auth-service] [      Thread-10] com.zaxxer.hikari.HikariDataSource       : HikariPool-3 - Shutdown completed.

  .   ____          _            __ _ _
 /\\ / ___'_ __ _ _(_)_ __  __ _ \ \ \ \
( ( )\___ | '_ | '_| | '_ \/ _` | \ \ \ \
 \\/  ___)| |_)| | | | | || (_| |  ) ) ) )
  '  |____| .__|_| |_|_| |_\__, | / / / /
 =========|_|==============|___/=/_/_/_/

 :: Spring Boot ::                (v4.0.6)

2026-05-29T13:42:04.547+01:00  INFO 24668 --- [auth-service] [  restartedMain] c.a.e.auth.AuthServiceApplication        : Starting AuthServiceApplication using Java 21.0.10 with PID 24668 (C:\E-learning\backend\auth-service\target\classes started by Administrateur in C:\E-learning\backend\auth-service)
2026-05-29T13:42:04.548+01:00  INFO 24668 --- [auth-service] [  restartedMain] c.a.e.auth.AuthServiceApplication        : No active profile set, falling back to 1 default profile: "default"
2026-05-29T13:42:04.822+01:00  INFO 24668 --- [auth-service] [  restartedMain] .s.d.r.c.RepositoryConfigurationDelegate : Bootstrapping Spring Data JPA repositories in DEFAULT mode.
2026-05-29T13:42:04.838+01:00  INFO 24668 --- [auth-service] [  restartedMain] .s.d.r.c.RepositoryConfigurationDelegate : Finished Spring Data repository scanning in 13 ms. Found 1 JPA repository interface.
2026-05-29T13:42:05.027+01:00  INFO 24668 --- [auth-service] [  restartedMain] o.s.boot.tomcat.TomcatWebServer          : Tomcat initialized with port 8081 (http)
2026-05-29T13:42:05.030+01:00  INFO 24668 --- [auth-service] [  restartedMain] o.apache.catalina.core.StandardService   : Starting service [Tomcat]
2026-05-29T13:42:05.030+01:00  INFO 24668 --- [auth-service] [  restartedMain] o.apache.catalina.core.StandardEngine    : Starting Servlet engine: [Apache Tomcat/11.0.21]
2026-05-29T13:42:05.073+01:00  INFO 24668 --- [auth-service] [  restartedMain] b.w.c.s.WebApplicationContextInitializer : Root WebApplicationContext: initialization completed in 514 ms
2026-05-29T13:42:05.134+01:00  INFO 24668 --- [auth-service] [  restartedMain] org.hibernate.orm.jpa                    : HHH008540: Processing PersistenceUnitInfo [name: default]
2026-05-29T13:42:05.223+01:00  INFO 24668 --- [auth-service] [  restartedMain] o.s.o.j.p.SpringPersistenceUnitInfo      : No LoadTimeWeaver setup: ignoring JPA class transformer
2026-05-29T13:42:05.227+01:00  INFO 24668 --- [auth-service] [  restartedMain] com.zaxxer.hikari.HikariDataSource       : HikariPool-4 - Starting...
2026-05-29T13:42:05.231+01:00  INFO 24668 --- [auth-service] [  restartedMain] com.zaxxer.hikari.pool.HikariPool        : HikariPool-4 - Added connection conn40: url=jdbc:h2:mem:authdb user=SA
2026-05-29T13:42:05.231+01:00  INFO 24668 --- [auth-service] [  restartedMain] com.zaxxer.hikari.HikariDataSource       : HikariPool-4 - Start completed.
2026-05-29T13:42:05.232+01:00  INFO 24668 --- [auth-service] [  restartedMain] org.hibernate.orm.connections.pooling    : HHH10001005: Database info:
	Database JDBC URL [jdbc:h2:mem:authdb]
	Database driver: H2 JDBC Driver
	Database dialect: H2Dialect
	Database version: 2.4.240
	Default catalog/schema: AUTHDB/PUBLIC
	Autocommit mode: undefined/unknown
	Isolation level: READ_COMMITTED [default READ_COMMITTED]
	JDBC fetch size: 100
	Pool: DataSourceConnectionProvider
	Minimum pool size: undefined/unknown
	Maximum pool size: undefined/unknown
2026-05-29T13:42:05.336+01:00  INFO 24668 --- [auth-service] [  restartedMain] org.hibernate.orm.core                   : HHH000489: No JTA platform available (set 'hibernate.transaction.jta.platform' to enable JTA platform integration)
2026-05-29T13:42:05.343+01:00  INFO 24668 --- [auth-service] [  restartedMain] j.LocalContainerEntityManagerFactoryBean : Initialized JPA EntityManagerFactory for persistence unit 'default'
2026-05-29T13:42:05.515+01:00  INFO 24668 --- [auth-service] [  restartedMain] r$InitializeUserDetailsManagerConfigurer : Global AuthenticationManager configured with UserDetailsService bean with name customUserDetailsService
2026-05-29T13:42:05.834+01:00  INFO 24668 --- [auth-service] [  restartedMain] o.s.boot.tomcat.TomcatWebServer          : Tomcat started on port 8081 (http) with context path '/'
2026-05-29T13:42:05.838+01:00  INFO 24668 --- [auth-service] [  restartedMain] c.a.e.auth.AuthServiceApplication        : Started AuthServiceApplication in 1.339 seconds (process running for 2982.35)
Default admin user created: admin@elearning.com / admin123
2026-05-29T13:42:06.058+01:00  INFO 24668 --- [auth-service] [  restartedMain] .ConditionEvaluationDeltaLoggingListener : Condition evaluation unchanged
[INFO] ------------------------------------------------------------------------
[INFO] BUILD FAILURE
[INFO] ------------------------------------------------------------------------
[INFO] Total time:  50:39 min
[INFO] Finished at: 2026-05-29T13:42:45+01:00
[INFO] ------------------------------------------------------------------------
[ERROR] Failed to execute goal org.springframework.boot:spring-boot-maven-plugin:4.0.6:run (default-cli) on project auth-service: Process terminated with exit code: -1 -> [Help 1]
[ERROR] 
[ERROR] To see the full stack trace of the errors, re-run Maven with the -e switch.
[ERROR] Re-run Maven using the -X switch to enable full debug logging.
[ERROR] 
[ERROR] For more information about the errors and possible solutions, please read the following articles:
[ERROR] [Help 1] http://cwiki.apache.org/confluence/display/MAVEN/MojoExecutionException
